
> portfoliov8@0.1.0 build
> next build

▲ Next.js 16.3.0 (Turbopack)
node.exe : ⚠ Warning: Next.js ignored package-lock.json in 
C:\Users\Admin\Desktop\Personal\Portfolio v8.11.26 because it is 
outside the current Git repository 
(C:\Users\Admin\Desktop\Personal\Portfolio v8.11.26\portfoliov8).
At line:1 char:1
+ & "C:\Program Files\nodejs/node.exe" "C:\Program 
Files\nodejs/node_mo ...
+ ~~~~~~~~~~~~~~~~~~~~~~~~~~~~~~~~~~~~~~~~~~~~~~~~~~~~~~~~~~~~~~~~~~
~~~
    + CategoryInfo          : NotSpecified: (⚠ Warning: Next...6\po 
   rtfoliov8).:String) [], RemoteException
    + FullyQualifiedErrorId : NativeCommandError
 
 To use this directory, set `turbopack.root` in your Next.js config.

✓ Running next.config.ts took 185ms
- Experiments (use with caution):
  · optimizePackageImports

  Creating an optimized production build ...
✓ Compiled successfully in 3.9s
  Running TypeScript ...
  Finished TypeScript in 6.7s ...
  Collecting page data using 7 workers ...
  Generating static pages using 7 workers (0/7) ...
  Generating static pages using 7 workers (1/7) 
  Generating static pages using 7 workers (3/7) 
  Generating static pages using 7 workers (5/7) 
✓ Generating static pages using 7 workers (7/7) in 992ms
  Finalizing page optimization ...

Route (app)
┌ ○ /
├ ○ /_not-found
├ ○ /work/18s-music-studio
├ ○ /work/pixel-art
├ ○ /work/poster-events
└ ○ /work/tshirt-layouts


○  (Static)  prerendered as static content

