▲ Next.js 16.3.0 (Turbopack)
node.exe : ⚠ Warning: Next.js ignored package-lock.json in 
C:\Users\Admin\Desktop\Personal\Portfolio v8.11.26 because it is 
outside the current Git repository 
(C:\Users\Admin\Desktop\Personal\Portfolio v8.11.26\portfoliov8).
At line:1 char:1
+ & "C:\Program Files\nodejs/node.exe" "C:\Program 
Files\nodejs/node_mo ...
+ ~~~~~~~~~~~~~~~~~~~~~~~~~~~~~~~~~~~~~~~~~~~~~~~~~~~~~~~~~~~~~~~~~~
~~~
    + CategoryInfo          : NotSpecified: (⚠ Warning: Next...6\po 
   rtfoliov8).:String) [], RemoteException
    + FullyQualifiedErrorId : NativeCommandError
 
 To use this directory, set `turbopack.root` in your Next.js config.

✓ Running next.config.ts took 84ms

  Creating an optimized production build ...
✓ Compiled successfully in 2.5s
  Running TypeScript ...
  Finished TypeScript in 5.7s ...
  Collecting page data using 5 workers ...
  Generating static pages using 5 workers (0/4) ...
  Generating static pages using 5 workers (1/4) 
  Generating static pages using 5 workers (2/4) 
  Generating static pages using 5 workers (3/4) 
✓ Generating static pages using 5 workers (4/4) in 2.7s
  Finalizing page optimization ...

Route (app)
┌ ○ /
├ ○ /_not-found
└ ○ /work/18s-music-studio


○  (Static)  prerendered as static content

